# source:   athena
# purpose:  Secret scanning -- detects hardcoded secrets, tokens, and
#           credentials in source code via regex patterns.
# baseline: Known findings that have been reviewed and determined to be safe
#           (e.g. dummy values, test fixtures). New secret findings cause a test
#           failure until removed or added here.
# columns:  file	line	pattern	context
